By Area/W07.csv
Date,Area,Sales,Avg_Price,Med_Price
2000-01-01,W07,2,181500,181500
2000-02-01,W07,1,179000,179000
2000-04-01,W07,4,177500,182500
2000-05-01,W07,1,127000,127000
2000-06-01,W07,2,160500,160500
2000-08-01,W07,6,183833,153000
2000-09-01,W07,1,129600,129600
2000-10-01,W07,4,141500,132000
2000-11-01,W07,2,242000,242000
2000-12-01,W07,3,131167,136000
2001-01-01,W07,1,179500,179500
2001-02-01,W07,7,150400,136000
2001-03-01,W07,4,182500,174500
2001-04-01,W07,2,162250,162250
2001-05-01,W07,5,200800,183000
2001-06-01,W07,4,145100,150200
2001-07-01,W07,1,200000,200000
2001-08-01,W07,5,163800,174000
2001-09-01,W07,2,176500,176500
2001-10-01,W07,2,185000,185000
2001-11-01,W07,3,186833,185000
2001-12-01,W07,7,181357,177000
2002-01-01,W07,5,186080,198900
2002-02-01,W07,1,169000,169000
2002-03-01,W07,3,260500,139000
2002-04-01,W07,5,191900,200000
2002-05-01,W07,8,235969,212500
2002-06-01,W07,2,145950,145950
2002-07-01,W07,1,208000,208000
2002-08-01,W07,4,236000,211000
2002-09-01,W07,2,316500,316500
2002-10-01,W07,4,299250,238500
2002-11-01,W07,5,212080,198000
2002-12-01,W07,3,164667,194000
2003-01-01,W07,3,217167,225000
2003-02-01,W07,1,259000,259000
2003-03-01,W07,3,199500,216500
2003-04-01,W07,4,285750,316500
2003-05-01,W07,7,238407,207500
2003-06-01,W07,3,180667,166000
2003-07-01,W07,4,205875,177750
2003-08-01,W07,2,191500,191500
2003-09-01,W07,5,180500,175000
2003-10-01,W07,2,188000,188000
2003-11-01,W07,1,207100,207100
2003-12-01,W07,2,177500,177500
2004-01-01,W07,3,308933,279000
2004-02-01,W07,5,206900,212000
2004-03-01,W07,16,213638,216900
2004-04-01,W07,6,276083,218000
2004-05-01,W07,10,189490,185000
2004-06-01,W07,7,233943,190000
2004-07-01,W07,7,220214,192000
2004-08-01,W07,7,207286,198000
2004-09-01,W07,15,233401,219000
2004-10-01,W07,10,266732,233250
2004-11-01,W07,5,189880,182000
2004-12-01,W07,4,230625,222000
2005-01-01,W07,7,200243,193000
2005-02-01,W07,10,220900,204000
2005-03-01,W07,3,212833,217000
2005-04-01,W07,10,295760,268250
2005-05-01,W07,10,207650,192000
2005-06-01,W07,10,274550,246500
2005-07-01,W07,7,255343,257900
2005-08-01,W07,13,195154,182000
2005-09-01,W07,9,271556,244000
2005-10-01,W07,11,263800,257000
2005-11-01,W07,12,224000,235000
2005-12-01,W07,4,277100,247500
2006-01-01,W07,9,287444,275000
2006-02-01,W07,12,239725,226000
2006-03-01,W07,14,254000,250000
2006-04-01,W07,19,236868,226000
2006-05-01,W07,22,298895,232750
2006-06-01,W07,16,228938,210500
2006-07-01,W07,3,268533,295000
2006-08-01,W07,11,310273,281000
2006-09-01,W07,5,222600,222500
2006-10-01,W07,13,265154,240000
2006-11-01,W07,6,220182,214000
2006-12-01,W07,14,294178,259500
2007-01-01,W07,8,233413,232000
2007-02-01,W07,10,302200,257000
2007-03-01,W07,19,322147,271500
2007-04-01,W07,18,290633,235250
2007-05-01,W07,23,348926,264500
2007-06-01,W07,11,302358,284000
2007-07-01,W07,11,319285,297000
2007-08-01,W07,17,261041,243500
2007-09-01,W07,16,227813,225000
2007-10-01,W07,28,259457,265000
2007-11-01,W07,28,258036,240500
2007-12-01,W07,21,257356,244977
2008-01-01,W07,10,282850,275500
2008-02-01,W07,21,261317,253000
2008-03-01,W07,12,276650,250000
2008-04-01,W07,28,285967,271500
2008-05-01,W07,24,313204,289950
2008-06-01,W07,24,312779,258094
2008-07-01,W07,24,275625,258000
2008-08-01,W07,31,275661,249500
2008-09-01,W07,16,236394,238000
2008-10-01,W07,18,280306,251500
2008-11-01,W07,10,263340,265250
2008-12-01,W07,12,263933,263000
2009-01-01,W07,7,231529,239000
2009-02-01,W07,14,257329,240800
2009-03-01,W07,12,302417,242500
2009-04-01,W07,25,306140,263000
2009-05-01,W07,29,279600,274000
2009-06-01,W07,29,294855,288000
2009-07-01,W07,38,266941,255875
2009-08-01,W07,25,333992,273500
2009-09-01,W07,24,283146,270000
2009-10-01,W07,24,275846,271500
2009-11-01,W07,29,324148,285000
2009-12-01,W07,15,284200,279500
2010-01-01,W07,15,319867,282000
2010-02-01,W07,26,348223,323250
2010-03-01,W07,35,325174,308000
2010-04-01,W07,48,305646,295000
2010-05-01,W07,30,321302,298000
2010-06-01,W07,28,353366,285000
2010-07-01,W07,22,316499,290500
2010-08-01,W07,22,328745,280000
2010-09-01,W07,24,324704,311500
2010-10-01,W07,23,295596,292000
2010-11-01,W07,21,341562,294900
2010-12-01,W07,7,385114,350000
2011-01-01,W07,16,297731,284250
2011-02-01,W07,14,297221,282400
2011-03-01,W07,20,314295,307000
2011-04-01,W07,21,339050,300000
2011-05-01,W07,22,345364,340000
2011-06-01,W07,30,348570,331250
2011-07-01,W07,22,344798,319500
2011-08-01,W07,2,297000,297000
2011-09-01,W07,1,565000,565000
2011-10-01,W07,3,783667,425000
2011-11-01,W07,4,372625,357500
2011-12-01,W07,2,418500,418500
2012-01-01,W07,3,298333,292500
2012-02-01,W07,4,576250,620000
2012-03-01,W07,4,331000,324000
2012-04-01,W07,2,432550,432550
2012-05-01,W07,6,550650,545000
2012-06-01,W07,0,0,0
2012-07-01,W07,0,0,0
2012-08-01,W07,2,377500,377500
2012-09-01,W07,5,488600,445000
2012-10-01,W07,2,378500,378500
2012-11-01,W07,1,549000,549000
2012-12-01,W07,1,385000,385000
2013-01-01,W07,2,348250,348250
2013-02-01,W07,1,346000,346000
2013-03-01,W07,2,1011250,1011250
2013-04-01,W07,4,788750,363750
2013-05-01,W07,0,0,0
2013-06-01,W07,5,416500,392000
2013-07-01,W07,3,678667,615000
2013-08-01,W07,5,443500,510000
2013-09-01,W07,3,369133,370000
2013-10-01,W07,3,578500,687500
2013-11-01,W07,1,327000,327000
2013-12-01,W07,1,652000,652000
2014-01-01,W07,1,654500,654500
2014-02-01,W07,4,379600,399450
2014-03-01,W07,1,340000,340000
2014-04-01,W07,2,282500,282500
2014-05-01,W07,2,452500,452500
2014-06-01,W07,4,818250,650750
2014-07-01,W07,1,387000,387000
2014-08-01,W07,1,403000,403000
2014-09-01,W07,4,538250,536000
2014-10-01,W07,3,410573,401500
2014-11-01,W07,4,311850,300000
2014-12-01,W07,0,0,0
2015-01-01,W07,0,0,0
2015-02-01,W07,1,620500,620500
2015-03-01,W07,2,625250,625250
2015-04-01,W07,3,434000,335000
2015-05-01,W07,3,706667,825000
2015-06-01,W07,1,395000,395000
2015-07-01,W07,0,0,0
2015-08-01,W07,4,394525,410000
2015-09-01,W07,3,416000,417000
2015-10-01,W07,5,347200,315000
2015-11-01,W07,3,325000,325000
2015-12-01,W07,1,298000,298000
2016-01-01,W07,1,630000,630000
2016-02-01,W07,3,408667,367500
2016-03-01,W07,3,408667,379000
2016-04-01,W07,10,513675,493750
2016-05-01,W07,5,412140,420000
2016-06-01,W07,6,484500,436000
2016-07-01,W07,3,468333,400000
2016-08-01,W07,2,477500,477500
2016-09-01,W07,1,381900,381900
2016-10-01,W07,2,734950,734950
2016-11-01,W07,2,419500,419500
2016-12-01,W07,2,407000,407000
2017-01-01,W07,2,609500,609500
2017-02-01,W07,1,320000,320000
2017-03-01,W07,2,335995,335995
2017-04-01,W07,7,543429,460000
2017-05-01,W07,4,643000,493500
2017-06-01,W07,4,621250,625000
2017-07-01,W07,3,527667,535000
2017-08-01,W07,4,553375,441250
2017-09-01,W07,1,485000,485000
2017-10-01,W07,0,0,0
2017-11-01,W07,9,496244,455000
2017-12-01,W07,6,450167,432000
2018-01-01,W07,3,419633,349000
2018-02-01,W07,2,545000,545000
2018-03-01,W07,1,555000,555000
2018-04-01,W07,2,642500,642500
2018-05-01,W07,5,720800,775000
2018-06-01,W07,3,472633,449000
2018-07-01,W07,5,557960,565900
2018-08-01,W07,4,474325,467750
2018-09-01,W07,1,510000,510000
2018-10-01,W07,5,793378,597990
2018-11-01,W07,4,591200,522000
2018-12-01,W07,1,1700000,1700000
2019-01-01,W07,0,0,0
2019-02-01,W07,2,613000,613000
2019-03-01,W07,3,1054333,1195000
2019-04-01,W07,2,736500,736500
2019-05-01,W07,2,964000,964000
2019-06-01,W07,6,775833,577500
2019-07-01,W07,2,535000,535000
2019-08-01,W07,3,695667,501000
2019-09-01,W07,3,1033933,1195000
2019-10-01,W07,3,1076333,1320000
2019-11-01,W07,5,609700,620000
2019-12-01,W07,2,880000,880000
2020-01-01,W07,2,642450,642450
2020-02-01,W07,1,510100,510100
2020-03-01,W07,4,881750,861000
2020-04-01,W07,0,0,0
2020-05-01,W07,1,730000,730000
2020-06-01,W07,3,613667,620000
2020-07-01,W07,3,715000,600000
2020-08-01,W07,3,994667,1110000
2020-09-01,W07,5,676340,674900
2020-10-01,W07,2,730000,730000
2020-11-01,W07,1,564000,564000
2020-12-01,W07,8,679053,548500
2021-01-01,W07,4,690000,625000
2021-02-01,W07,5,589584,621920
2021-03-01,W07,8,772350,750350
2021-04-01,W07,4,827000,847500
